Copyright 1986-2022 Xilinx, Inc. All Rights Reserved. Copyright 2022-2025 Advanced Micro Devices, Inc. All Rights Reserved.
------------------------------------------------------------------------------------------------------------------------------------------------------------------------------------------------------------------------
| Tool Version : Vivado v.2025.2 (lin64) Build 6299465 Fri Nov 14 12:34:56 MST 2025
| Date         : Mon Apr 27 17:21:07 2026
| Host         : atom running 64-bit Arch Linux
| Command      : report_timing_summary -max_paths 10 -routable_nets -report_unconstrained -file ask5_timing_summary_routed.rpt -pb ask5_timing_summary_routed.pb -rpx ask5_timing_summary_routed.rpx -warn_on_violation
| Design       : ask5
| Device       : 7a35t-cpg236
| Speed File   : -1  PRODUCTION 1.23 2018-06-13
| Design State : Routed
------------------------------------------------------------------------------------------------------------------------------------------------------------------------------------------------------------------------

Timing Summary Report

------------------------------------------------------------------------------------------------
| Timer Settings
| --------------
------------------------------------------------------------------------------------------------

  Enable Multi Corner Analysis               :  Yes
  Enable Pessimism Removal                   :  Yes
  Pessimism Removal Resolution               :  Nearest Common Node
  Enable Input Delay Default Clock           :  No
  Enable Preset / Clear Arcs                 :  No
  Disable Flight Delays                      :  No
  Ignore I/O Paths                           :  No
  Timing Early Launch at Borrowing Latches   :  No
  Borrow Time for Max Delay Exceptions       :  Yes
  Merge Timing Exceptions                    :  Yes
  Inter-SLR Compensation                     :  Conservative

  Corner  Analyze    Analyze    
  Name    Max Paths  Min Paths  
  ------  ---------  ---------  
  Slow    Yes        Yes        
  Fast    Yes        Yes        


------------------------------------------------------------------------------------------------
| Report Methodology
| ------------------
------------------------------------------------------------------------------------------------

No report available as report_methodology has not been run prior. Run report_methodology on the current design for the summary of methodology violations.



check_timing report

Table of Contents
-----------------
1. checking no_clock (0)
2. checking constant_clock (0)
3. checking pulse_width_clock (0)
4. checking unconstrained_internal_endpoints (0)
5. checking no_input_delay (0)
6. checking no_output_delay (0)
7. checking multiple_clock (0)
8. checking generated_clocks (0)
9. checking loops (0)
10. checking partial_input_delay (0)
11. checking partial_output_delay (0)
12. checking latch_loops (0)

1. checking no_clock (0)
------------------------
 There are 0 register/latch pins with no clock.


2. checking constant_clock (0)
------------------------------
 There are 0 register/latch pins with constant_clock.


3. checking pulse_width_clock (0)
---------------------------------
 There are 0 register/latch pins which need pulse_width check


4. checking unconstrained_internal_endpoints (0)
------------------------------------------------
 There are 0 pins that are not constrained for maximum delay.

 There are 0 pins that are not constrained for maximum delay due to constant clock.


5. checking no_input_delay (0)
------------------------------
 There are 0 input ports with no input delay specified.

 There are 0 input ports with no input delay but user has a false path constraint.


6. checking no_output_delay (0)
-------------------------------
 There are 0 ports with no output delay specified.

 There are 0 ports with no output delay but user has a false path constraint

 There are 0 ports with no output delay but with a timing clock defined on it or propagating through it


7. checking multiple_clock (0)
------------------------------
 There are 0 register/latch pins with multiple clocks.


8. checking generated_clocks (0)
--------------------------------
 There are 0 generated clocks that are not connected to a clock source.


9. checking loops (0)
---------------------
 There are 0 combinational loops in the design.


10. checking partial_input_delay (0)
------------------------------------
 There are 0 input ports with partial input delay specified.


11. checking partial_output_delay (0)
-------------------------------------
 There are 0 ports with partial output delay specified.


12. checking latch_loops (0)
----------------------------
 There are 0 combinational latch loops in the design through latch input



------------------------------------------------------------------------------------------------
| Design Timing Summary
| ---------------------
------------------------------------------------------------------------------------------------

    WNS(ns)      TNS(ns)  TNS Failing Endpoints  TNS Total Endpoints      WHS(ns)      THS(ns)  THS Failing Endpoints  THS Total Endpoints     WPWS(ns)     TPWS(ns)  TPWS Failing Endpoints  TPWS Total Endpoints  
    -------      -------  ---------------------  -------------------      -------      -------  ---------------------  -------------------     --------     --------  ----------------------  --------------------  
        inf        0.000                      0                    8          inf        0.000                      0                    8           NA           NA                      NA                    NA  


There are no user specified timing constraints.


------------------------------------------------------------------------------------------------
| Clock Summary
| -------------
------------------------------------------------------------------------------------------------


------------------------------------------------------------------------------------------------
| Intra Clock Table
| -----------------
------------------------------------------------------------------------------------------------

Clock             WNS(ns)      TNS(ns)  TNS Failing Endpoints  TNS Total Endpoints      WHS(ns)      THS(ns)  THS Failing Endpoints  THS Total Endpoints     WPWS(ns)     TPWS(ns)  TPWS Failing Endpoints  TPWS Total Endpoints  
-----             -------      -------  ---------------------  -------------------      -------      -------  ---------------------  -------------------     --------     --------  ----------------------  --------------------  


------------------------------------------------------------------------------------------------
| Inter Clock Table
| -----------------
------------------------------------------------------------------------------------------------

From Clock    To Clock          WNS(ns)      TNS(ns)  TNS Failing Endpoints  TNS Total Endpoints      WHS(ns)      THS(ns)  THS Failing Endpoints  THS Total Endpoints  
----------    --------          -------      -------  ---------------------  -------------------      -------      -------  ---------------------  -------------------  


------------------------------------------------------------------------------------------------
| Other Path Groups Table
| -----------------------
------------------------------------------------------------------------------------------------

Path Group    From Clock    To Clock          WNS(ns)      TNS(ns)  TNS Failing Endpoints  TNS Total Endpoints      WHS(ns)      THS(ns)  THS Failing Endpoints  THS Total Endpoints  
----------    ----------    --------          -------      -------  ---------------------  -------------------      -------      -------  ---------------------  -------------------  


------------------------------------------------------------------------------------------------
| User Ignored Path Table
| -----------------------
------------------------------------------------------------------------------------------------

Path Group    From Clock    To Clock    
----------    ----------    --------    


------------------------------------------------------------------------------------------------
| Unconstrained Path Table
| ------------------------
------------------------------------------------------------------------------------------------

Path Group    From Clock    To Clock    
----------    ----------    --------    
(none)                                    


------------------------------------------------------------------------------------------------
| Timing Details
| --------------
------------------------------------------------------------------------------------------------


--------------------------------------------------------------------------------------
Path Group:  (none)
From Clock:  
  To Clock:  

Max Delay             8 Endpoints
Min Delay             8 Endpoints
--------------------------------------------------------------------------------------


Max Delay Paths
--------------------------------------------------------------------------------------
Slack:                    inf
  Source:                 SW[3]
                            (input port)
  Destination:            D0[0]
                            (output port)
  Path Group:             (none)
  Path Type:              Max at Slow Process Corner
  Data Path Delay:        10.806ns  (logic 5.333ns (49.353%)  route 5.473ns (50.647%))
  Logic Levels:           3  (IBUF=1 LUT4=1 OBUF=1)

    Location             Delay type                Incr(ns)  Path(ns)    Netlist Resource(s)
  -------------------------------------------------------------------    -------------------
    W17                                               0.000     0.000 r  SW[3] (IN)
                         net (fo=0)                   0.000     0.000    SW[3]
    W17                  IBUF (Prop_ibuf_I_O)         1.448     1.448 r  SW_IBUF[3]_inst/O
                         net (fo=8, routed)           3.354     4.802    SW_IBUF[3]
    SLICE_X54Y19         LUT4 (Prop_lut4_I0_O)        0.150     4.952 r  D0_OBUF[0]_inst_i_1/O
                         net (fo=1, routed)           2.119     7.071    D0_OBUF[0]
    W7                   OBUF (Prop_obuf_I_O)         3.735    10.806 r  D0_OBUF[0]_inst/O
                         net (fo=0)                   0.000    10.806    D0[0]
    W7                                                                r  D0[0] (OUT)
  -------------------------------------------------------------------    -------------------

Slack:                    inf
  Source:                 SW[3]
                            (input port)
  Destination:            D0[3]
                            (output port)
  Path Group:             (none)
  Path Type:              Max at Slow Process Corner
  Data Path Delay:        10.786ns  (logic 5.338ns (49.491%)  route 5.448ns (50.509%))
  Logic Levels:           3  (IBUF=1 LUT4=1 OBUF=1)

    Location             Delay type                Incr(ns)  Path(ns)    Netlist Resource(s)
  -------------------------------------------------------------------    -------------------
    W17                                               0.000     0.000 r  SW[3] (IN)
                         net (fo=0)                   0.000     0.000    SW[3]
    W17                  IBUF (Prop_ibuf_I_O)         1.448     1.448 r  SW_IBUF[3]_inst/O
                         net (fo=8, routed)           3.357     4.805    SW_IBUF[3]
    SLICE_X54Y19         LUT4 (Prop_lut4_I0_O)        0.150     4.955 r  D0_OBUF[3]_inst_i_1/O
                         net (fo=1, routed)           2.091     7.046    D0_OBUF[3]
    V8                   OBUF (Prop_obuf_I_O)         3.740    10.786 r  D0_OBUF[3]_inst/O
                         net (fo=0)                   0.000    10.786    D0[3]
    V8                                                                r  D0[3] (OUT)
  -------------------------------------------------------------------    -------------------

Slack:                    inf
  Source:                 SW[3]
                            (input port)
  Destination:            D0[5]
                            (output port)
  Path Group:             (none)
  Path Type:              Max at Slow Process Corner
  Data Path Delay:        10.759ns  (logic 5.303ns (49.289%)  route 5.456ns (50.711%))
  Logic Levels:           3  (IBUF=1 LUT4=1 OBUF=1)

    Location             Delay type                Incr(ns)  Path(ns)    Netlist Resource(s)
  -------------------------------------------------------------------    -------------------
    W17                                               0.000     0.000 r  SW[3] (IN)
                         net (fo=0)                   0.000     0.000    SW[3]
    W17                  IBUF (Prop_ibuf_I_O)         1.448     1.448 r  SW_IBUF[3]_inst/O
                         net (fo=8, routed)           3.508     4.957    SW_IBUF[3]
    SLICE_X54Y17         LUT4 (Prop_lut4_I0_O)        0.146     5.103 r  D0_OBUF[5]_inst_i_1/O
                         net (fo=1, routed)           1.948     7.050    D0_OBUF[5]
    V5                   OBUF (Prop_obuf_I_O)         3.708    10.759 r  D0_OBUF[5]_inst/O
                         net (fo=0)                   0.000    10.759    D0[5]
    V5                                                                r  D0[5] (OUT)
  -------------------------------------------------------------------    -------------------

Slack:                    inf
  Source:                 SW[3]
                            (input port)
  Destination:            D0[4]
                            (output port)
  Path Group:             (none)
  Path Type:              Max at Slow Process Corner
  Data Path Delay:        10.680ns  (logic 5.092ns (47.683%)  route 5.587ns (52.317%))
  Logic Levels:           3  (IBUF=1 LUT4=1 OBUF=1)

    Location             Delay type                Incr(ns)  Path(ns)    Netlist Resource(s)
  -------------------------------------------------------------------    -------------------
    W17                                               0.000     0.000 r  SW[3] (IN)
                         net (fo=0)                   0.000     0.000    SW[3]
    W17                  IBUF (Prop_ibuf_I_O)         1.448     1.448 r  SW_IBUF[3]_inst/O
                         net (fo=8, routed)           3.508     4.957    SW_IBUF[3]
    SLICE_X54Y17         LUT4 (Prop_lut4_I0_O)        0.124     5.081 r  D0_OBUF[4]_inst_i_1/O
                         net (fo=1, routed)           2.079     7.160    D0_OBUF[4]
    U5                   OBUF (Prop_obuf_I_O)         3.520    10.680 r  D0_OBUF[4]_inst/O
                         net (fo=0)                   0.000    10.680    D0[4]
    U5                                                                r  D0[4] (OUT)
  -------------------------------------------------------------------    -------------------

Slack:                    inf
  Source:                 SW[3]
                            (input port)
  Destination:            D0[2]
                            (output port)
  Path Group:             (none)
  Path Type:              Max at Slow Process Corner
  Data Path Delay:        10.577ns  (logic 5.108ns (48.292%)  route 5.469ns (51.708%))
  Logic Levels:           3  (IBUF=1 LUT4=1 OBUF=1)

    Location             Delay type                Incr(ns)  Path(ns)    Netlist Resource(s)
  -------------------------------------------------------------------    -------------------
    W17                                               0.000     0.000 r  SW[3] (IN)
                         net (fo=0)                   0.000     0.000    SW[3]
    W17                  IBUF (Prop_ibuf_I_O)         1.448     1.448 r  SW_IBUF[3]_inst/O
                         net (fo=8, routed)           3.354     4.802    SW_IBUF[3]
    SLICE_X54Y19         LUT4 (Prop_lut4_I0_O)        0.124     4.926 r  D0_OBUF[2]_inst_i_1/O
                         net (fo=1, routed)           2.115     7.041    D0_OBUF[2]
    U8                   OBUF (Prop_obuf_I_O)         3.535    10.577 r  D0_OBUF[2]_inst/O
                         net (fo=0)                   0.000    10.577    D0[2]
    U8                                                                r  D0[2] (OUT)
  -------------------------------------------------------------------    -------------------

Slack:                    inf
  Source:                 SW[3]
                            (input port)
  Destination:            D0[1]
                            (output port)
  Path Group:             (none)
  Path Type:              Max at Slow Process Corner
  Data Path Delay:        10.573ns  (logic 5.102ns (48.253%)  route 5.471ns (51.747%))
  Logic Levels:           3  (IBUF=1 LUT4=1 OBUF=1)

    Location             Delay type                Incr(ns)  Path(ns)    Netlist Resource(s)
  -------------------------------------------------------------------    -------------------
    W17                                               0.000     0.000 r  SW[3] (IN)
                         net (fo=0)                   0.000     0.000    SW[3]
    W17                  IBUF (Prop_ibuf_I_O)         1.448     1.448 r  SW_IBUF[3]_inst/O
                         net (fo=8, routed)           3.357     4.805    SW_IBUF[3]
    SLICE_X54Y19         LUT4 (Prop_lut4_I0_O)        0.124     4.929 r  D0_OBUF[1]_inst_i_1/O
                         net (fo=1, routed)           2.114     7.043    D0_OBUF[1]
    W6                   OBUF (Prop_obuf_I_O)         3.529    10.573 r  D0_OBUF[1]_inst/O
                         net (fo=0)                   0.000    10.573    D0[1]
    W6                                                                r  D0[1] (OUT)
  -------------------------------------------------------------------    -------------------

Slack:                    inf
  Source:                 SW[1]
                            (input port)
  Destination:            D0[6]
                            (output port)
  Path Group:             (none)
  Path Type:              Max at Slow Process Corner
  Data Path Delay:        10.327ns  (logic 5.347ns (51.777%)  route 4.980ns (48.223%))
  Logic Levels:           3  (IBUF=1 LUT4=1 OBUF=1)

    Location             Delay type                Incr(ns)  Path(ns)    Netlist Resource(s)
  -------------------------------------------------------------------    -------------------
    V16                                               0.000     0.000 r  SW[1] (IN)
                         net (fo=0)                   0.000     0.000    SW[1]
    V16                  IBUF (Prop_ibuf_I_O)         1.461     1.461 r  SW_IBUF[1]_inst/O
                         net (fo=8, routed)           2.292     3.753    SW_IBUF[1]
    SLICE_X38Y11         LUT4 (Prop_lut4_I3_O)        0.150     3.903 r  D0_OBUF[6]_inst_i_1/O
                         net (fo=1, routed)           2.688     6.591    D0_OBUF[6]
    U7                   OBUF (Prop_obuf_I_O)         3.735    10.327 r  D0_OBUF[6]_inst/O
                         net (fo=0)                   0.000    10.327    D0[6]
    U7                                                                r  D0[6] (OUT)
  -------------------------------------------------------------------    -------------------

Slack:                    inf
  Source:                 SW[1]
                            (input port)
  Destination:            D1
                            (output port)
  Path Group:             (none)
  Path Type:              Max at Slow Process Corner
  Data Path Delay:        10.304ns  (logic 5.090ns (49.399%)  route 5.214ns (50.601%))
  Logic Levels:           3  (IBUF=1 LUT3=1 OBUF=1)

    Location             Delay type                Incr(ns)  Path(ns)    Netlist Resource(s)
  -------------------------------------------------------------------    -------------------
    V16                                               0.000     0.000 r  SW[1] (IN)
                         net (fo=0)                   0.000     0.000    SW[1]
    V16                  IBUF (Prop_ibuf_I_O)         1.461     1.461 r  SW_IBUF[1]_inst/O
                         net (fo=8, routed)           2.292     3.753    SW_IBUF[1]
    SLICE_X38Y11         LUT3 (Prop_lut3_I2_O)        0.124     3.877 r  D1_OBUF_inst_i_1/O
                         net (fo=1, routed)           2.922     6.799    D1_OBUF
    U16                  OBUF (Prop_obuf_I_O)         3.505    10.304 r  D1_OBUF_inst/O
                         net (fo=0)                   0.000    10.304    D1
    U16                                                               r  D1 (OUT)
  -------------------------------------------------------------------    -------------------





Min Delay Paths
--------------------------------------------------------------------------------------
Slack:                    inf
  Source:                 SW[2]
                            (input port)
  Destination:            D0[4]
                            (output port)
  Path Group:             (none)
  Path Type:              Min at Fast Process Corner
  Data Path Delay:        3.272ns  (logic 1.498ns (45.776%)  route 1.774ns (54.224%))
  Logic Levels:           3  (IBUF=1 LUT4=1 OBUF=1)

    Location             Delay type                Incr(ns)  Path(ns)    Netlist Resource(s)
  -------------------------------------------------------------------    -------------------
    W16                                               0.000     0.000 r  SW[2] (IN)
                         net (fo=0)                   0.000     0.000    SW[2]
    W16                  IBUF (Prop_ibuf_I_O)         0.232     0.232 r  SW_IBUF[2]_inst/O
                         net (fo=8, routed)           1.237     1.469    SW_IBUF[2]
    SLICE_X54Y17         LUT4 (Prop_lut4_I3_O)        0.045     1.514 r  D0_OBUF[4]_inst_i_1/O
                         net (fo=1, routed)           0.537     2.051    D0_OBUF[4]
    U5                   OBUF (Prop_obuf_I_O)         1.221     3.272 r  D0_OBUF[4]_inst/O
                         net (fo=0)                   0.000     3.272    D0[4]
    U5                                                                r  D0[4] (OUT)
  -------------------------------------------------------------------    -------------------

Slack:                    inf
  Source:                 SW[2]
                            (input port)
  Destination:            D0[5]
                            (output port)
  Path Group:             (none)
  Path Type:              Min at Fast Process Corner
  Data Path Delay:        3.275ns  (logic 1.551ns (47.370%)  route 1.724ns (52.630%))
  Logic Levels:           3  (IBUF=1 LUT4=1 OBUF=1)

    Location             Delay type                Incr(ns)  Path(ns)    Netlist Resource(s)
  -------------------------------------------------------------------    -------------------
    W16                                               0.000     0.000 r  SW[2] (IN)
                         net (fo=0)                   0.000     0.000    SW[2]
    W16                  IBUF (Prop_ibuf_I_O)         0.232     0.232 r  SW_IBUF[2]_inst/O
                         net (fo=8, routed)           1.237     1.469    SW_IBUF[2]
    SLICE_X54Y17         LUT4 (Prop_lut4_I1_O)        0.048     1.517 r  D0_OBUF[5]_inst_i_1/O
                         net (fo=1, routed)           0.487     2.003    D0_OBUF[5]
    V5                   OBUF (Prop_obuf_I_O)         1.272     3.275 r  D0_OBUF[5]_inst/O
                         net (fo=0)                   0.000     3.275    D0[5]
    V5                                                                r  D0[5] (OUT)
  -------------------------------------------------------------------    -------------------

Slack:                    inf
  Source:                 SW[1]
                            (input port)
  Destination:            D0[1]
                            (output port)
  Path Group:             (none)
  Path Type:              Min at Fast Process Corner
  Data Path Delay:        3.310ns  (logic 1.504ns (45.452%)  route 1.805ns (54.548%))
  Logic Levels:           3  (IBUF=1 LUT4=1 OBUF=1)

    Location             Delay type                Incr(ns)  Path(ns)    Netlist Resource(s)
  -------------------------------------------------------------------    -------------------
    V16                                               0.000     0.000 r  SW[1] (IN)
                         net (fo=0)                   0.000     0.000    SW[1]
    V16                  IBUF (Prop_ibuf_I_O)         0.229     0.229 r  SW_IBUF[1]_inst/O
                         net (fo=8, routed)           1.246     1.476    SW_IBUF[1]
    SLICE_X54Y19         LUT4 (Prop_lut4_I3_O)        0.045     1.521 r  D0_OBUF[1]_inst_i_1/O
                         net (fo=1, routed)           0.559     2.080    D0_OBUF[1]
    W6                   OBUF (Prop_obuf_I_O)         1.230     3.310 r  D0_OBUF[1]_inst/O
                         net (fo=0)                   0.000     3.310    D0[1]
    W6                                                                r  D0[1] (OUT)
  -------------------------------------------------------------------    -------------------

Slack:                    inf
  Source:                 SW[3]
                            (input port)
  Destination:            D0[6]
                            (output port)
  Path Group:             (none)
  Path Type:              Min at Fast Process Corner
  Data Path Delay:        3.310ns  (logic 1.563ns (47.220%)  route 1.747ns (52.780%))
  Logic Levels:           3  (IBUF=1 LUT4=1 OBUF=1)

    Location             Delay type                Incr(ns)  Path(ns)    Netlist Resource(s)
  -------------------------------------------------------------------    -------------------
    W17                                               0.000     0.000 r  SW[3] (IN)
                         net (fo=0)                   0.000     0.000    SW[3]
    W17                  IBUF (Prop_ibuf_I_O)         0.217     0.217 r  SW_IBUF[3]_inst/O
                         net (fo=8, routed)           0.905     1.122    SW_IBUF[3]
    SLICE_X38Y11         LUT4 (Prop_lut4_I0_O)        0.048     1.170 r  D0_OBUF[6]_inst_i_1/O
                         net (fo=1, routed)           0.842     2.012    D0_OBUF[6]
    U7                   OBUF (Prop_obuf_I_O)         1.298     3.310 r  D0_OBUF[6]_inst/O
                         net (fo=0)                   0.000     3.310    D0[6]
    U7                                                                r  D0[6] (OUT)
  -------------------------------------------------------------------    -------------------

Slack:                    inf
  Source:                 SW[3]
                            (input port)
  Destination:            D1
                            (output port)
  Path Group:             (none)
  Path Type:              Min at Fast Process Corner
  Data Path Delay:        3.321ns  (logic 1.468ns (44.193%)  route 1.853ns (55.807%))
  Logic Levels:           3  (IBUF=1 LUT3=1 OBUF=1)

    Location             Delay type                Incr(ns)  Path(ns)    Netlist Resource(s)
  -------------------------------------------------------------------    -------------------
    W17                                               0.000     0.000 r  SW[3] (IN)
                         net (fo=0)                   0.000     0.000    SW[3]
    W17                  IBUF (Prop_ibuf_I_O)         0.217     0.217 r  SW_IBUF[3]_inst/O
                         net (fo=8, routed)           0.905     1.122    SW_IBUF[3]
    SLICE_X38Y11         LUT3 (Prop_lut3_I0_O)        0.045     1.167 r  D1_OBUF_inst_i_1/O
                         net (fo=1, routed)           0.948     2.115    D1_OBUF
    U16                  OBUF (Prop_obuf_I_O)         1.206     3.321 r  D1_OBUF_inst/O
                         net (fo=0)                   0.000     3.321    D1
    U16                                                               r  D1 (OUT)
  -------------------------------------------------------------------    -------------------

Slack:                    inf
  Source:                 SW[1]
                            (input port)
  Destination:            D0[3]
                            (output port)
  Path Group:             (none)
  Path Type:              Min at Fast Process Corner
  Data Path Delay:        3.373ns  (logic 1.580ns (46.835%)  route 1.793ns (53.165%))
  Logic Levels:           3  (IBUF=1 LUT4=1 OBUF=1)

    Location             Delay type                Incr(ns)  Path(ns)    Netlist Resource(s)
  -------------------------------------------------------------------    -------------------
    V16                                               0.000     0.000 r  SW[1] (IN)
                         net (fo=0)                   0.000     0.000    SW[1]
    V16                  IBUF (Prop_ibuf_I_O)         0.229     0.229 r  SW_IBUF[1]_inst/O
                         net (fo=8, routed)           1.246     1.476    SW_IBUF[1]
    SLICE_X54Y19         LUT4 (Prop_lut4_I3_O)        0.048     1.524 r  D0_OBUF[3]_inst_i_1/O
                         net (fo=1, routed)           0.547     2.071    D0_OBUF[3]
    V8                   OBUF (Prop_obuf_I_O)         1.302     3.373 r  D0_OBUF[3]_inst/O
                         net (fo=0)                   0.000     3.373    D0[3]
    V8                                                                r  D0[3] (OUT)
  -------------------------------------------------------------------    -------------------

Slack:                    inf
  Source:                 SW[1]
                            (input port)
  Destination:            D0[2]
                            (output port)
  Path Group:             (none)
  Path Type:              Min at Fast Process Corner
  Data Path Delay:        3.394ns  (logic 1.510ns (44.503%)  route 1.883ns (55.497%))
  Logic Levels:           3  (IBUF=1 LUT4=1 OBUF=1)

    Location             Delay type                Incr(ns)  Path(ns)    Netlist Resource(s)
  -------------------------------------------------------------------    -------------------
    V16                                               0.000     0.000 r  SW[1] (IN)
                         net (fo=0)                   0.000     0.000    SW[1]
    V16                  IBUF (Prop_ibuf_I_O)         0.229     0.229 r  SW_IBUF[1]_inst/O
                         net (fo=8, routed)           1.322     1.552    SW_IBUF[1]
    SLICE_X54Y19         LUT4 (Prop_lut4_I1_O)        0.045     1.597 r  D0_OBUF[2]_inst_i_1/O
                         net (fo=1, routed)           0.561     2.158    D0_OBUF[2]
    U8                   OBUF (Prop_obuf_I_O)         1.236     3.394 r  D0_OBUF[2]_inst/O
                         net (fo=0)                   0.000     3.394    D0[2]
    U8                                                                r  D0[2] (OUT)
  -------------------------------------------------------------------    -------------------

Slack:                    inf
  Source:                 SW[1]
                            (input port)
  Destination:            D0[0]
                            (output port)
  Path Group:             (none)
  Path Type:              Min at Fast Process Corner
  Data Path Delay:        3.446ns  (logic 1.557ns (45.191%)  route 1.889ns (54.809%))
  Logic Levels:           3  (IBUF=1 LUT4=1 OBUF=1)

    Location             Delay type                Incr(ns)  Path(ns)    Netlist Resource(s)
  -------------------------------------------------------------------    -------------------
    V16                                               0.000     0.000 r  SW[1] (IN)
                         net (fo=0)                   0.000     0.000    SW[1]
    V16                  IBUF (Prop_ibuf_I_O)         0.229     0.229 r  SW_IBUF[1]_inst/O
                         net (fo=8, routed)           1.322     1.552    SW_IBUF[1]
    SLICE_X54Y19         LUT4 (Prop_lut4_I3_O)        0.043     1.595 r  D0_OBUF[0]_inst_i_1/O
                         net (fo=1, routed)           0.566     2.161    D0_OBUF[0]
    W7                   OBUF (Prop_obuf_I_O)         1.285     3.446 r  D0_OBUF[0]_inst/O
                         net (fo=0)                   0.000     3.446    D0[0]
    W7                                                                r  D0[0] (OUT)
  -------------------------------------------------------------------    -------------------





