
*** Running vivado
    with args -log ask5.vdi -applog -m64 -product Vivado -messageDb vivado.pb -mode batch -source ask5.tcl -notrace


****** Vivado v2025.2 (64-bit)
  **** SW Build 6299465 on Fri Nov 14 12:34:56 MST 2025
  **** IP Build 6300035 on Fri Nov 14 10:48:45 MST 2025
  **** SharedData Build 6298862 on Thu Nov 13 04:50:51 MST 2025
  **** Start of session at: Mon Apr 27 17:20:40 2026
    ** Copyright 1986-2022 Xilinx, Inc. All Rights Reserved.
    ** Copyright 2022-2025 Advanced Micro Devices, Inc. All Rights Reserved.

source ask5.tcl -notrace
Command: link_design -top ask5 -part xc7a35tcpg236-1
Design is defaulting to srcset: sources_1
Design is defaulting to constrset: constrs_1
INFO: [Device 21-403] Loading part xc7a35tcpg236-1
Netlist sorting complete. Time (s): cpu = 00:00:00 ; elapsed = 00:00:00 . Memory (MB): peak = 1733.941 ; gain = 0.000 ; free physical = 1858 ; free virtual = 13704
INFO: [Project 1-479] Netlist was created with Vivado 2025.2
INFO: [Project 1-570] Preparing netlist for logic optimization
Parsing XDC File [/home/ac/uni/sem6/computational_systems/ergasia1/constr.xdc]
Finished Parsing XDC File [/home/ac/uni/sem6/computational_systems/ergasia1/constr.xdc]
INFO: [Opt 31-138] Pushed 0 inverter(s) to 0 load pin(s).
Netlist sorting complete. Time (s): cpu = 00:00:00 ; elapsed = 00:00:00 . Memory (MB): peak = 1919.578 ; gain = 0.000 ; free physical = 1800 ; free virtual = 13588
INFO: [Project 1-111] Unisim Transformation Summary:
No Unisim elements were transformed.

5 Infos, 0 Warnings, 0 Critical Warnings and 0 Errors encountered.
link_design completed successfully
Command: opt_design
Attempting to get a license for feature 'Implementation' and/or device 'xc7a35t'
INFO: [Common 17-349] Got license for feature 'Implementation' and/or device 'xc7a35t'
Running DRC as a precondition to command opt_design

Starting DRC Task
INFO: [DRC 23-27] Running DRC with 8 threads
INFO: [Project 1-461] DRC finished with 0 Errors
INFO: [Project 1-462] Please refer to the DRC report (report_drc) for more information.

Time (s): cpu = 00:00:00.3 ; elapsed = 00:00:00.3 . Memory (MB): peak = 1939.391 ; gain = 13.840 ; free physical = 1802 ; free virtual = 13567

Starting Cache Timing Information Task
INFO: [Timing 38-35] Done setting XDC timing constraints.
Ending Cache Timing Information Task | Checksum: 16f24ef4b

Time (s): cpu = 00:00:03 ; elapsed = 00:00:04 . Memory (MB): peak = 2418.219 ; gain = 478.828 ; free physical = 1422 ; free virtual = 13119

Starting Logic Optimization Task

Phase 1 Initialization

Phase 1.1 Core Generation And Design Setup
Phase 1.1 Core Generation And Design Setup | Checksum: 16f24ef4b

Time (s): cpu = 00:00:00 ; elapsed = 00:00:00 . Memory (MB): peak = 2801.969 ; gain = 0.000 ; free physical = 1080 ; free virtual = 12742

Phase 1.2 Setup Constraints And Sort Netlist
Phase 1.2 Setup Constraints And Sort Netlist | Checksum: 16f24ef4b

Time (s): cpu = 00:00:00 ; elapsed = 00:00:00.01 . Memory (MB): peak = 2801.969 ; gain = 0.000 ; free physical = 1080 ; free virtual = 12742
Phase 1 Initialization | Checksum: 16f24ef4b

Time (s): cpu = 00:00:00.01 ; elapsed = 00:00:00.01 . Memory (MB): peak = 2801.969 ; gain = 0.000 ; free physical = 1080 ; free virtual = 12742

Phase 2 Timer Update And Timing Data Collection

Phase 2.1 Detect if minReqCache needed
Phase 2.1 Detect if minReqCache needed | Checksum: 16f24ef4b

Time (s): cpu = 00:00:00.01 ; elapsed = 00:00:00.01 . Memory (MB): peak = 2801.969 ; gain = 0.000 ; free physical = 1081 ; free virtual = 12741

Phase 2.2 Timer Update
Phase 2.2 Timer Update | Checksum: 16f24ef4b

Time (s): cpu = 00:00:00.01 ; elapsed = 00:00:00.01 . Memory (MB): peak = 2801.969 ; gain = 0.000 ; free physical = 1082 ; free virtual = 12741
Phase 2 Timer Update And Timing Data Collection | Checksum: 16f24ef4b

Time (s): cpu = 00:00:00.01 ; elapsed = 00:00:00.01 . Memory (MB): peak = 2801.969 ; gain = 0.000 ; free physical = 1082 ; free virtual = 12741

Phase 3 Retarget
INFO: [Opt 31-1851] Number of loadless carry chains removed were: 0
INFO: [Opt 31-1834] Total Chains To Be Transformed Were: 0 AND Number of Transformed insts Created are: 0
INFO: [Opt 31-138] Pushed 0 inverter(s) to 0 load pin(s).
INFO: [Opt 31-49] Retargeted 0 cell(s).
Phase 3 Retarget | Checksum: 16f24ef4b

Time (s): cpu = 00:00:00.01 ; elapsed = 00:00:00.03 . Memory (MB): peak = 2801.969 ; gain = 0.000 ; free physical = 1087 ; free virtual = 12745
Retarget | Checksum: 16f24ef4b
INFO: [Opt 31-389] Phase Retarget created 0 cells and removed 0 cells

Phase 4 Constant propagation
INFO: [Opt 31-138] Pushed 0 inverter(s) to 0 load pin(s).
Phase 4 Constant propagation | Checksum: 16f24ef4b

Time (s): cpu = 00:00:00.02 ; elapsed = 00:00:00.03 . Memory (MB): peak = 2801.969 ; gain = 0.000 ; free physical = 1087 ; free virtual = 12745
Constant propagation | Checksum: 16f24ef4b
INFO: [Opt 31-389] Phase Constant propagation created 0 cells and removed 0 cells

Phase 5 Sweep
INFO: [Constraints 18-11670] Building netlist checker database with flags, 0x8
Done building netlist checker database: Time (s): cpu = 00:00:00 ; elapsed = 00:00:00 . Memory (MB): peak = 2801.969 ; gain = 0.000 ; free physical = 1087 ; free virtual = 12745
Phase 5 Sweep | Checksum: 16f24ef4b

Time (s): cpu = 00:00:00.02 ; elapsed = 00:00:00.03 . Memory (MB): peak = 2801.969 ; gain = 0.000 ; free physical = 1087 ; free virtual = 12744
Sweep | Checksum: 16f24ef4b
INFO: [Opt 31-389] Phase Sweep created 0 cells and removed 0 cells

Phase 6 BUFG optimization
Phase 6 BUFG optimization | Checksum: 16f24ef4b

Time (s): cpu = 00:00:00.02 ; elapsed = 00:00:00.04 . Memory (MB): peak = 2833.984 ; gain = 32.016 ; free physical = 1086 ; free virtual = 12742
BUFG optimization | Checksum: 16f24ef4b
INFO: [Opt 31-662] Phase BUFG optimization created 0 cells of which 0 are BUFGs and removed 0 cells.

Phase 7 Shift Register Optimization
INFO: [Opt 31-1064] SRL Remap converted 0 SRLs to 0 registers and converted 0 registers of register chains to 0 SRLs
Phase 7 Shift Register Optimization | Checksum: 16f24ef4b

Time (s): cpu = 00:00:00.02 ; elapsed = 00:00:00.04 . Memory (MB): peak = 2833.984 ; gain = 32.016 ; free physical = 1086 ; free virtual = 12742
Shift Register Optimization | Checksum: 16f24ef4b
INFO: [Opt 31-389] Phase Shift Register Optimization created 0 cells and removed 0 cells

Phase 8 Post Processing Netlist
Phase 8 Post Processing Netlist | Checksum: 16f24ef4b

Time (s): cpu = 00:00:00.02 ; elapsed = 00:00:00.04 . Memory (MB): peak = 2833.984 ; gain = 32.016 ; free physical = 1087 ; free virtual = 12743
Post Processing Netlist | Checksum: 16f24ef4b
INFO: [Opt 31-389] Phase Post Processing Netlist created 0 cells and removed 0 cells

Phase 9 Finalization

Phase 9.1 Finalizing Design Cores and Updating Shapes
Phase 9.1 Finalizing Design Cores and Updating Shapes | Checksum: 16f24ef4b

Time (s): cpu = 00:00:00.02 ; elapsed = 00:00:00.04 . Memory (MB): peak = 2833.984 ; gain = 32.016 ; free physical = 1088 ; free virtual = 12743

Phase 9.2 Verifying Netlist Connectivity

Starting Connectivity Check Task

Time (s): cpu = 00:00:00.01 ; elapsed = 00:00:00 . Memory (MB): peak = 2833.984 ; gain = 0.000 ; free physical = 1092 ; free virtual = 12748
Phase 9.2 Verifying Netlist Connectivity | Checksum: 16f24ef4b

Time (s): cpu = 00:00:00.03 ; elapsed = 00:00:00.04 . Memory (MB): peak = 2833.984 ; gain = 32.016 ; free physical = 1092 ; free virtual = 12748
Phase 9 Finalization | Checksum: 16f24ef4b

Time (s): cpu = 00:00:00.03 ; elapsed = 00:00:00.04 . Memory (MB): peak = 2833.984 ; gain = 32.016 ; free physical = 1093 ; free virtual = 12748
Opt_design Change Summary
=========================


-------------------------------------------------------------------------------------------------------------------------
|  Phase                        |  #Cells created  |  #Cells Removed  |  #Constrained objects preventing optimizations  |
-------------------------------------------------------------------------------------------------------------------------
|  Retarget                     |               0  |               0  |                                              0  |
|  Constant propagation         |               0  |               0  |                                              0  |
|  Sweep                        |               0  |               0  |                                              0  |
|  BUFG optimization            |               0  |               0  |                                              0  |
|  Shift Register Optimization  |               0  |               0  |                                              0  |
|  Post Processing Netlist      |               0  |               0  |                                              0  |
-------------------------------------------------------------------------------------------------------------------------


Ending Logic Optimization Task | Checksum: 16f24ef4b

Time (s): cpu = 00:00:00.03 ; elapsed = 00:00:00.04 . Memory (MB): peak = 2833.984 ; gain = 32.016 ; free physical = 1093 ; free virtual = 12748

Starting Power Optimization Task
INFO: [Pwropt 34-132] Skipping clock gating for clocks with a period < 2.00 ns.
Ending Power Optimization Task | Checksum: 16f24ef4b

Time (s): cpu = 00:00:00.01 ; elapsed = 00:00:00.01 . Memory (MB): peak = 2833.984 ; gain = 0.000 ; free physical = 1101 ; free virtual = 12734

Starting Final Cleanup Task
Ending Final Cleanup Task | Checksum: 16f24ef4b

Time (s): cpu = 00:00:00 ; elapsed = 00:00:00 . Memory (MB): peak = 2833.984 ; gain = 0.000 ; free physical = 1101 ; free virtual = 12734
Netlist sorting complete. Time (s): cpu = 00:00:00 ; elapsed = 00:00:00 . Memory (MB): peak = 2833.984 ; gain = 0.000 ; free physical = 1101 ; free virtual = 12733
INFO: [Common 17-83] Releasing license: Implementation
25 Infos, 0 Warnings, 0 Critical Warnings and 0 Errors encountered.
opt_design completed successfully
opt_design: Time (s): cpu = 00:00:06 ; elapsed = 00:00:06 . Memory (MB): peak = 2833.984 ; gain = 908.434 ; free physical = 1101 ; free virtual = 12733
INFO: [Vivado 12-24828] Executing command : report_drc -file ask5_drc_opted.rpt -pb ask5_drc_opted.pb -rpx ask5_drc_opted.rpx
Command: report_drc -file ask5_drc_opted.rpt -pb ask5_drc_opted.pb -rpx ask5_drc_opted.rpx
INFO: [IP_Flow 19-234] Refreshing IP repositories
INFO: [IP_Flow 19-1704] No user IP repositories specified
INFO: [IP_Flow 19-2313] Loaded Vivado IP repository '/home/ac/2025.2/data/ip'.
INFO: [DRC 23-27] Running DRC with 8 threads
INFO: [Vivado_Tcl 2-168] The results of DRC are in file /home/ac/uni/sem6/computational_systems/ergasia1/ergasia1/ergasia1.runs/impl_1/ask5_drc_opted.rpt.
report_drc completed successfully
INFO: [Timing 38-480] Writing timing data to binary archive.
Wrote PlaceDB: Time (s): cpu = 00:00:00 ; elapsed = 00:00:00 . Memory (MB): peak = 2833.984 ; gain = 0.000 ; free physical = 1153 ; free virtual = 12722
Write ShapeDB Complete: Time (s): cpu = 00:00:00.01 ; elapsed = 00:00:00 . Memory (MB): peak = 2833.984 ; gain = 0.000 ; free physical = 1153 ; free virtual = 12722
Wrote PulsedLatchDB: Time (s): cpu = 00:00:00 ; elapsed = 00:00:00 . Memory (MB): peak = 2833.984 ; gain = 0.000 ; free physical = 1153 ; free virtual = 12722
Writing XDEF routing.
Writing XDEF routing logical nets.
Writing XDEF routing special nets.
Wrote RouteStorage: Time (s): cpu = 00:00:00.01 ; elapsed = 00:00:00 . Memory (MB): peak = 2833.984 ; gain = 0.000 ; free physical = 1153 ; free virtual = 12722
Wrote PlaceStorage: Time (s): cpu = 00:00:00 ; elapsed = 00:00:00 . Memory (MB): peak = 2833.984 ; gain = 0.000 ; free physical = 1153 ; free virtual = 12722
Wrote Netlist Cache: Time (s): cpu = 00:00:00 ; elapsed = 00:00:00 . Memory (MB): peak = 2833.984 ; gain = 0.000 ; free physical = 1153 ; free virtual = 12722
Wrote Device Cache: Time (s): cpu = 00:00:00.01 ; elapsed = 00:00:00 . Memory (MB): peak = 2833.984 ; gain = 0.000 ; free physical = 1152 ; free virtual = 12722
Write Physdb Complete: Time (s): cpu = 00:00:00.03 ; elapsed = 00:00:00.01 . Memory (MB): peak = 2833.984 ; gain = 0.000 ; free physical = 1152 ; free virtual = 12722
INFO: [Common 17-1381] The checkpoint '/home/ac/uni/sem6/computational_systems/ergasia1/ergasia1/ergasia1.runs/impl_1/ask5_opt.dcp' has been generated.
Command: place_design
Attempting to get a license for feature 'Implementation' and/or device 'xc7a35t'
INFO: [Common 17-349] Got license for feature 'Implementation' and/or device 'xc7a35t'
INFO: [Common 17-83] Releasing license: Implementation
INFO: [DRC 23-27] Running DRC with 8 threads
INFO: [Vivado_Tcl 4-198] DRC finished with 0 Errors
INFO: [Vivado_Tcl 4-199] Please refer to the DRC report (report_drc) for more information.
INFO: [Timing 38-35] Done setting XDC timing constraints.
Running DRC as a precondition to command place_design
INFO: [DRC 23-27] Running DRC with 8 threads
INFO: [Vivado_Tcl 4-198] DRC finished with 0 Errors
INFO: [Vivado_Tcl 4-199] Please refer to the DRC report (report_drc) for more information.
INFO: [Place 30-611] Multithreading enabled for place_design using a maximum of 8 CPUs

Starting Placer Task

Phase 1 Placer Initialization

Phase 1.1 Placer Initialization Netlist Sorting
Netlist sorting complete. Time (s): cpu = 00:00:00 ; elapsed = 00:00:00 . Memory (MB): peak = 2833.984 ; gain = 0.000 ; free physical = 1147 ; free virtual = 12717
Phase 1.1 Placer Initialization Netlist Sorting | Checksum: 131682d1d

Time (s): cpu = 00:00:00 ; elapsed = 00:00:00.01 . Memory (MB): peak = 2833.984 ; gain = 0.000 ; free physical = 1147 ; free virtual = 12717
Netlist sorting complete. Time (s): cpu = 00:00:00 ; elapsed = 00:00:00 . Memory (MB): peak = 2833.984 ; gain = 0.000 ; free physical = 1147 ; free virtual = 12717

Phase 1.2 IO Placement/ Clock Placement/ Build Placer Device
Phase 1.2 IO Placement/ Clock Placement/ Build Placer Device | Checksum: 131682d1d

Time (s): cpu = 00:00:00.2 ; elapsed = 00:00:00.07 . Memory (MB): peak = 2833.984 ; gain = 0.000 ; free physical = 1147 ; free virtual = 12717

Phase 1.3 Build Placer Netlist Model
Phase 1.3 Build Placer Netlist Model | Checksum: 1a46f256b

Time (s): cpu = 00:00:00.25 ; elapsed = 00:00:00.09 . Memory (MB): peak = 2833.984 ; gain = 0.000 ; free physical = 1147 ; free virtual = 12717

Phase 1.4 Constrain Clocks/Macros
Phase 1.4 Constrain Clocks/Macros | Checksum: 1a46f256b

Time (s): cpu = 00:00:00.26 ; elapsed = 00:00:00.09 . Memory (MB): peak = 2833.984 ; gain = 0.000 ; free physical = 1147 ; free virtual = 12717
Phase 1 Placer Initialization | Checksum: 1a46f256b

Time (s): cpu = 00:00:00.26 ; elapsed = 00:00:00.09 . Memory (MB): peak = 2833.984 ; gain = 0.000 ; free physical = 1147 ; free virtual = 12717

Phase 2 Global Placement

Phase 2.1 Floorplanning
Phase 2.1 Floorplanning | Checksum: 1a46f256b

Time (s): cpu = 00:00:00.26 ; elapsed = 00:00:00.09 . Memory (MB): peak = 2833.984 ; gain = 0.000 ; free physical = 1147 ; free virtual = 12717

Phase 2.2 Update Timing before SLR Path Opt
Phase 2.2 Update Timing before SLR Path Opt | Checksum: 1a46f256b

Time (s): cpu = 00:00:00.26 ; elapsed = 00:00:00.09 . Memory (MB): peak = 2833.984 ; gain = 0.000 ; free physical = 1147 ; free virtual = 12717

Phase 2.3 Post-Processing in Floorplanning
Phase 2.3 Post-Processing in Floorplanning | Checksum: 1a46f256b

Time (s): cpu = 00:00:00.26 ; elapsed = 00:00:00.09 . Memory (MB): peak = 2833.984 ; gain = 0.000 ; free physical = 1147 ; free virtual = 12717

Phase 2.4 Global Place Phase1
Phase 2.4 Global Place Phase1 | Checksum: 17568dc23

Time (s): cpu = 00:00:00.55 ; elapsed = 00:00:00.18 . Memory (MB): peak = 2857.996 ; gain = 24.012 ; free physical = 1132 ; free virtual = 12702

Phase 2.5 Global Place Phase2
WARNING: [Place 46-29] Timing had been disabled during Placer and, therefore, physical synthesis in Placer will be skipped.
Phase 2.5 Global Place Phase2 | Checksum: 1a578f5d9

Time (s): cpu = 00:00:00.65 ; elapsed = 00:00:00.21 . Memory (MB): peak = 2857.996 ; gain = 24.012 ; free physical = 1131 ; free virtual = 12702
Phase 2 Global Placement | Checksum: 1a578f5d9

Time (s): cpu = 00:00:00.65 ; elapsed = 00:00:00.21 . Memory (MB): peak = 2857.996 ; gain = 24.012 ; free physical = 1131 ; free virtual = 12702

Phase 3 Detail Placement

Phase 3.1 Commit Multi Column Macros
Phase 3.1 Commit Multi Column Macros | Checksum: 1a578f5d9

Time (s): cpu = 00:00:00.67 ; elapsed = 00:00:00.21 . Memory (MB): peak = 2857.996 ; gain = 24.012 ; free physical = 1131 ; free virtual = 12702

Phase 3.2 Commit Most Macros & LUTRAMs
Phase 3.2 Commit Most Macros & LUTRAMs | Checksum: 1bc9496f2

Time (s): cpu = 00:00:00.7 ; elapsed = 00:00:00.22 . Memory (MB): peak = 2857.996 ; gain = 24.012 ; free physical = 1131 ; free virtual = 12702

Phase 3.3 Area Swap Optimization
Phase 3.3 Area Swap Optimization | Checksum: 14bbc496b

Time (s): cpu = 00:00:00.73 ; elapsed = 00:00:00.23 . Memory (MB): peak = 2857.996 ; gain = 24.012 ; free physical = 1131 ; free virtual = 12702

Phase 3.4 Pipeline Register Optimization
Phase 3.4 Pipeline Register Optimization | Checksum: 14bbc496b

Time (s): cpu = 00:00:00.73 ; elapsed = 00:00:00.23 . Memory (MB): peak = 2857.996 ; gain = 24.012 ; free physical = 1131 ; free virtual = 12702

Phase 3.5 Small Shape Detail Placement
Phase 3.5 Small Shape Detail Placement | Checksum: 1e791d379

Time (s): cpu = 00:00:00.92 ; elapsed = 00:00:00.28 . Memory (MB): peak = 2857.996 ; gain = 24.012 ; free physical = 1131 ; free virtual = 12702

Phase 3.6 Re-assign LUT pins
Phase 3.6 Re-assign LUT pins | Checksum: 1e791d379

Time (s): cpu = 00:00:00.93 ; elapsed = 00:00:00.29 . Memory (MB): peak = 2857.996 ; gain = 24.012 ; free physical = 1131 ; free virtual = 12702

Phase 3.7 Pipeline Register Optimization
Phase 3.7 Pipeline Register Optimization | Checksum: 1e791d379

Time (s): cpu = 00:00:00.93 ; elapsed = 00:00:00.29 . Memory (MB): peak = 2857.996 ; gain = 24.012 ; free physical = 1131 ; free virtual = 12702
Phase 3 Detail Placement | Checksum: 1e791d379

Time (s): cpu = 00:00:00.93 ; elapsed = 00:00:00.29 . Memory (MB): peak = 2857.996 ; gain = 24.012 ; free physical = 1131 ; free virtual = 12702

Phase 4 Post Placement Optimization and Clean-Up

Phase 4.1 Post Commit Optimization
Phase 4.1 Post Commit Optimization | Checksum: 1e791d379

Time (s): cpu = 00:00:00.99 ; elapsed = 00:00:00.31 . Memory (MB): peak = 2857.996 ; gain = 24.012 ; free physical = 1131 ; free virtual = 12702

Phase 4.2 Post Placement Cleanup
Phase 4.2 Post Placement Cleanup | Checksum: 1e791d379

Time (s): cpu = 00:00:01 ; elapsed = 00:00:00.31 . Memory (MB): peak = 2857.996 ; gain = 24.012 ; free physical = 1131 ; free virtual = 12702

Phase 4.3 Placer Reporting

Phase 4.3.1 Print Estimated Congestion
INFO: [Place 30-612] Post-Placement Estimated Congestion 
 ____________________________________________________
|           | Global Congestion | Short Congestion  |
| Direction | Region Size       | Region Size       |
|___________|___________________|___________________|
|      North|                1x1|                1x1|
|___________|___________________|___________________|
|      South|                1x1|                1x1|
|___________|___________________|___________________|
|       East|                1x1|                1x1|
|___________|___________________|___________________|
|       West|                1x1|                1x1|
|___________|___________________|___________________|

Phase 4.3.1 Print Estimated Congestion | Checksum: 1e791d379

Time (s): cpu = 00:00:01 ; elapsed = 00:00:00.31 . Memory (MB): peak = 2857.996 ; gain = 24.012 ; free physical = 1131 ; free virtual = 12702
Phase 4.3 Placer Reporting | Checksum: 1e791d379

Time (s): cpu = 00:00:01 ; elapsed = 00:00:00.31 . Memory (MB): peak = 2857.996 ; gain = 24.012 ; free physical = 1131 ; free virtual = 12702

Phase 4.4 Final Placement Cleanup
Netlist sorting complete. Time (s): cpu = 00:00:00 ; elapsed = 00:00:00 . Memory (MB): peak = 2857.996 ; gain = 0.000 ; free physical = 1131 ; free virtual = 12702

Time (s): cpu = 00:00:01 ; elapsed = 00:00:00.31 . Memory (MB): peak = 2857.996 ; gain = 24.012 ; free physical = 1131 ; free virtual = 12702
Phase 4 Post Placement Optimization and Clean-Up | Checksum: 1e791d379

Time (s): cpu = 00:00:01 ; elapsed = 00:00:00.31 . Memory (MB): peak = 2857.996 ; gain = 24.012 ; free physical = 1131 ; free virtual = 12702
Ending Placer Task | Checksum: 180769e96

Time (s): cpu = 00:00:01 ; elapsed = 00:00:00.32 . Memory (MB): peak = 2857.996 ; gain = 24.012 ; free physical = 1131 ; free virtual = 12702
44 Infos, 1 Warnings, 0 Critical Warnings and 0 Errors encountered.
place_design completed successfully
INFO: [Vivado 12-24838] Running report commands "report_control_sets, report_io, report_utilization" in parallel.
Running report generation with 3 threads.
INFO: [Vivado 12-24828] Executing command : report_control_sets -verbose -file ask5_control_sets_placed.rpt
report_control_sets: Time (s): cpu = 00:00:00.03 ; elapsed = 00:00:00.04 . Memory (MB): peak = 2857.996 ; gain = 0.000 ; free physical = 1117 ; free virtual = 12688
INFO: [Vivado 12-24828] Executing command : report_utilization -file ask5_utilization_placed.rpt -pb ask5_utilization_placed.pb
INFO: [Vivado 12-24828] Executing command : report_io -file ask5_io_placed.rpt
report_io: Time (s): cpu = 00:00:00.08 ; elapsed = 00:00:00.11 . Memory (MB): peak = 2857.996 ; gain = 0.000 ; free physical = 1101 ; free virtual = 12672
INFO: [Timing 38-480] Writing timing data to binary archive.
Wrote PlaceDB: Time (s): cpu = 00:00:00 ; elapsed = 00:00:00 . Memory (MB): peak = 2857.996 ; gain = 0.000 ; free physical = 1101 ; free virtual = 12672
Write ShapeDB Complete: Time (s): cpu = 00:00:00 ; elapsed = 00:00:00 . Memory (MB): peak = 2857.996 ; gain = 0.000 ; free physical = 1101 ; free virtual = 12672
Wrote PulsedLatchDB: Time (s): cpu = 00:00:00 ; elapsed = 00:00:00 . Memory (MB): peak = 2857.996 ; gain = 0.000 ; free physical = 1101 ; free virtual = 12672
Writing XDEF routing.
Writing XDEF routing logical nets.
Writing XDEF routing special nets.
Wrote RouteStorage: Time (s): cpu = 00:00:00.02 ; elapsed = 00:00:00.01 . Memory (MB): peak = 2857.996 ; gain = 0.000 ; free physical = 1101 ; free virtual = 12672
Wrote PlaceStorage: Time (s): cpu = 00:00:00 ; elapsed = 00:00:00 . Memory (MB): peak = 2857.996 ; gain = 0.000 ; free physical = 1101 ; free virtual = 12672
Wrote Netlist Cache: Time (s): cpu = 00:00:00 ; elapsed = 00:00:00 . Memory (MB): peak = 2857.996 ; gain = 0.000 ; free physical = 1101 ; free virtual = 12672
Wrote Device Cache: Time (s): cpu = 00:00:00.01 ; elapsed = 00:00:00.01 . Memory (MB): peak = 2857.996 ; gain = 0.000 ; free physical = 1101 ; free virtual = 12672
Write Physdb Complete: Time (s): cpu = 00:00:00.03 ; elapsed = 00:00:00.02 . Memory (MB): peak = 2857.996 ; gain = 0.000 ; free physical = 1101 ; free virtual = 12672
INFO: [Common 17-1381] The checkpoint '/home/ac/uni/sem6/computational_systems/ergasia1/ergasia1/ergasia1.runs/impl_1/ask5_placed.dcp' has been generated.
Command: phys_opt_design
Attempting to get a license for feature 'Implementation' and/or device 'xc7a35t'
INFO: [Common 17-349] Got license for feature 'Implementation' and/or device 'xc7a35t'

Starting Initial Update Timing Task

Time (s): cpu = 00:00:00 ; elapsed = 00:00:00.01 . Memory (MB): peak = 2857.996 ; gain = 0.000 ; free physical = 1096 ; free virtual = 12666
INFO: [Vivado_Tcl 4-235] No timing constraint found. The netlist was not modified.
INFO: [Common 17-83] Releasing license: Implementation
53 Infos, 1 Warnings, 0 Critical Warnings and 0 Errors encountered.
phys_opt_design completed successfully
INFO: [Timing 38-480] Writing timing data to binary archive.
Write ShapeDB Complete: Time (s): cpu = 00:00:00 ; elapsed = 00:00:00 . Memory (MB): peak = 2857.996 ; gain = 0.000 ; free physical = 1096 ; free virtual = 12666
Wrote PlaceDB: Time (s): cpu = 00:00:00 ; elapsed = 00:00:00 . Memory (MB): peak = 2857.996 ; gain = 0.000 ; free physical = 1096 ; free virtual = 12666
Wrote PulsedLatchDB: Time (s): cpu = 00:00:00 ; elapsed = 00:00:00 . Memory (MB): peak = 2857.996 ; gain = 0.000 ; free physical = 1096 ; free virtual = 12666
Writing XDEF routing.
Writing XDEF routing logical nets.
Writing XDEF routing special nets.
Wrote RouteStorage: Time (s): cpu = 00:00:00.02 ; elapsed = 00:00:00.01 . Memory (MB): peak = 2857.996 ; gain = 0.000 ; free physical = 1096 ; free virtual = 12667
Wrote PlaceStorage: Time (s): cpu = 00:00:00 ; elapsed = 00:00:00 . Memory (MB): peak = 2857.996 ; gain = 0.000 ; free physical = 1096 ; free virtual = 12667
Wrote Netlist Cache: Time (s): cpu = 00:00:00 ; elapsed = 00:00:00 . Memory (MB): peak = 2857.996 ; gain = 0.000 ; free physical = 1096 ; free virtual = 12667
Wrote Device Cache: Time (s): cpu = 00:00:00.01 ; elapsed = 00:00:00.01 . Memory (MB): peak = 2857.996 ; gain = 0.000 ; free physical = 1096 ; free virtual = 12667
Write Physdb Complete: Time (s): cpu = 00:00:00.03 ; elapsed = 00:00:00.02 . Memory (MB): peak = 2857.996 ; gain = 0.000 ; free physical = 1096 ; free virtual = 12667
INFO: [Common 17-1381] The checkpoint '/home/ac/uni/sem6/computational_systems/ergasia1/ergasia1/ergasia1.runs/impl_1/ask5_physopt.dcp' has been generated.
Command: route_design
Attempting to get a license for feature 'Implementation' and/or device 'xc7a35t'
INFO: [Common 17-349] Got license for feature 'Implementation' and/or device 'xc7a35t'


Starting Routing Task
INFO: [Route 35-254] Multithreading enabled for route_design using a maximum of 8 CPUs

Phase 1 Build RT Design
Checksum: PlaceDB: 6bf62a4c ConstDB: 0 ShapeSum: 73ff17f3 RouteDB: a0815c57
Post Restoration Checksum: NetGraph: ed90d4a9 | NumContArr: 5c98b06f | Constraints: c2a8fa9d | Timing: c2a8fa9d
Phase 1 Build RT Design | Checksum: 2cf7b7a52

Time (s): cpu = 00:00:12 ; elapsed = 00:00:10 . Memory (MB): peak = 2857.996 ; gain = 0.000 ; free physical = 1120 ; free virtual = 12695

Phase 2 Router Initialization
INFO: [Route 35-64] No timing constraints were detected. The router will operate in resource-optimization mode.

Phase 2.1 Fix Topology Constraints
Phase 2.1 Fix Topology Constraints | Checksum: 2cf7b7a52

Time (s): cpu = 00:00:12 ; elapsed = 00:00:10 . Memory (MB): peak = 2857.996 ; gain = 0.000 ; free physical = 1120 ; free virtual = 12695

Phase 2.2 Pre Route Cleanup
Phase 2.2 Pre Route Cleanup | Checksum: 2cf7b7a52

Time (s): cpu = 00:00:12 ; elapsed = 00:00:10 . Memory (MB): peak = 2857.996 ; gain = 0.000 ; free physical = 1120 ; free virtual = 12695
 Number of Nodes with overlaps = 0

Router Utilization Summary
  Global Vertical Routing Utilization    = 0 %
  Global Horizontal Routing Utilization  = 0 %
  Routable Net Status*
  *Does not include unroutable nets such as driverless and loadless.
  Run report_route_status for detailed report.
  Number of Failed Nets               = 12
    (Failed Nets is the sum of unrouted and partially routed nets)
  Number of Unrouted Nets             = 12
  Number of Partially Routed Nets     = 0
  Number of Node Overlaps             = 0

Phase 2 Router Initialization | Checksum: 284998d28

Time (s): cpu = 00:00:13 ; elapsed = 00:00:11 . Memory (MB): peak = 2857.996 ; gain = 0.000 ; free physical = 1118 ; free virtual = 12694

Phase 3 Global Routing
Phase 3 Global Routing | Checksum: 284998d28

Time (s): cpu = 00:00:13 ; elapsed = 00:00:11 . Memory (MB): peak = 2857.996 ; gain = 0.000 ; free physical = 1118 ; free virtual = 12694

Phase 4 Initial Routing

Phase 4.1 Initial Net Routing Pass
Phase 4.1 Initial Net Routing Pass | Checksum: 23bc53b1c

Time (s): cpu = 00:00:13 ; elapsed = 00:00:11 . Memory (MB): peak = 2857.996 ; gain = 0.000 ; free physical = 1118 ; free virtual = 12694
Phase 4 Initial Routing | Checksum: 23bc53b1c

Time (s): cpu = 00:00:13 ; elapsed = 00:00:11 . Memory (MB): peak = 2857.996 ; gain = 0.000 ; free physical = 1118 ; free virtual = 12694

Phase 5 Rip-up And Reroute

Phase 5.1 Global Iteration 0
 Number of Nodes with overlaps = 0
Phase 5.1 Global Iteration 0 | Checksum: 22a26dd5f

Time (s): cpu = 00:00:13 ; elapsed = 00:00:11 . Memory (MB): peak = 2857.996 ; gain = 0.000 ; free physical = 1118 ; free virtual = 12694
Phase 5 Rip-up And Reroute | Checksum: 22a26dd5f

Time (s): cpu = 00:00:13 ; elapsed = 00:00:11 . Memory (MB): peak = 2857.996 ; gain = 0.000 ; free physical = 1118 ; free virtual = 12694

Phase 6 Delay and Skew Optimization
Phase 6 Delay and Skew Optimization | Checksum: 22a26dd5f

Time (s): cpu = 00:00:13 ; elapsed = 00:00:11 . Memory (MB): peak = 2857.996 ; gain = 0.000 ; free physical = 1118 ; free virtual = 12694

Phase 7 Post Hold Fix

Phase 7.1 Hold Fix Iter
Phase 7.1 Hold Fix Iter | Checksum: 22a26dd5f

Time (s): cpu = 00:00:13 ; elapsed = 00:00:11 . Memory (MB): peak = 2857.996 ; gain = 0.000 ; free physical = 1118 ; free virtual = 12694
Phase 7 Post Hold Fix | Checksum: 22a26dd5f

Time (s): cpu = 00:00:13 ; elapsed = 00:00:11 . Memory (MB): peak = 2857.996 ; gain = 0.000 ; free physical = 1118 ; free virtual = 12694

Phase 8 Route finalize

Router Utilization Summary
  Global Vertical Routing Utilization    = 0.00518217 %
  Global Horizontal Routing Utilization  = 0.026809 %
  Routable Net Status*
  *Does not include unroutable nets such as driverless and loadless.
  Run report_route_status for detailed report.
  Number of Failed Nets               = 0
    (Failed Nets is the sum of unrouted and partially routed nets)
  Number of Unrouted Nets             = 0
  Number of Partially Routed Nets     = 0
  Number of Node Overlaps             = 0


--GLOBAL Congestion:
Utilization threshold used for congestion level computation: 0.85
Congestion Report
North Dir 1x1 Area, Max Cong = 3.6036%, No Congested Regions.
South Dir 1x1 Area, Max Cong = 7.20721%, No Congested Regions.
East Dir 1x1 Area, Max Cong = 20.5882%, No Congested Regions.
West Dir 1x1 Area, Max Cong = 5.88235%, No Congested Regions.

------------------------------
Reporting congestion hotspots
------------------------------
Direction: North
----------------
Congested clusters found at Level 0
Effective congestion level: 0 Aspect Ratio: 1 Sparse Ratio: 0
Direction: South
----------------
Congested clusters found at Level 0
Effective congestion level: 0 Aspect Ratio: 1 Sparse Ratio: 0
Direction: East
----------------
Congested clusters found at Level 0
Effective congestion level: 0 Aspect Ratio: 1 Sparse Ratio: 0
Direction: West
----------------
Congested clusters found at Level 0
Effective congestion level: 0 Aspect Ratio: 1 Sparse Ratio: 0

Phase 8 Route finalize | Checksum: 22a26dd5f

Time (s): cpu = 00:00:13 ; elapsed = 00:00:11 . Memory (MB): peak = 2857.996 ; gain = 0.000 ; free physical = 1118 ; free virtual = 12694

Phase 9 Verifying routed nets

 Verification completed successfully
Phase 9 Verifying routed nets | Checksum: 22a26dd5f

Time (s): cpu = 00:00:13 ; elapsed = 00:00:11 . Memory (MB): peak = 2857.996 ; gain = 0.000 ; free physical = 1118 ; free virtual = 12694

Phase 10 Depositing Routes
Phase 10 Depositing Routes | Checksum: 2704bac9a

Time (s): cpu = 00:00:13 ; elapsed = 00:00:11 . Memory (MB): peak = 2857.996 ; gain = 0.000 ; free physical = 1118 ; free virtual = 12694

Phase 11 Post Process Routing
Phase 11 Post Process Routing | Checksum: 2704bac9a

Time (s): cpu = 00:00:13 ; elapsed = 00:00:11 . Memory (MB): peak = 2857.996 ; gain = 0.000 ; free physical = 1118 ; free virtual = 12694
Total Elapsed time in route_design: 10.63 secs

Phase 12 Post-Route Event Processing
Phase 12 Post-Route Event Processing | Checksum: 1d5b68683

Time (s): cpu = 00:00:13 ; elapsed = 00:00:11 . Memory (MB): peak = 2857.996 ; gain = 0.000 ; free physical = 1118 ; free virtual = 12694
INFO: [Route 35-16] Router Completed Successfully
Ending Routing Task | Checksum: 1d5b68683

Time (s): cpu = 00:00:13 ; elapsed = 00:00:11 . Memory (MB): peak = 2857.996 ; gain = 0.000 ; free physical = 1118 ; free virtual = 12694

Routing Is Done.
INFO: [Common 17-83] Releasing license: Implementation
60 Infos, 1 Warnings, 0 Critical Warnings and 0 Errors encountered.
route_design completed successfully
route_design: Time (s): cpu = 00:00:13 ; elapsed = 00:00:11 . Memory (MB): peak = 2857.996 ; gain = 0.000 ; free physical = 1118 ; free virtual = 12694
INFO: [Vivado 12-24828] Executing command : report_drc -file ask5_drc_routed.rpt -pb ask5_drc_routed.pb -rpx ask5_drc_routed.rpx
Command: report_drc -file ask5_drc_routed.rpt -pb ask5_drc_routed.pb -rpx ask5_drc_routed.rpx
INFO: [IP_Flow 19-1839] IP Catalog is up to date.
INFO: [DRC 23-27] Running DRC with 8 threads
INFO: [Vivado_Tcl 2-168] The results of DRC are in file /home/ac/uni/sem6/computational_systems/ergasia1/ergasia1/ergasia1.runs/impl_1/ask5_drc_routed.rpt.
report_drc completed successfully
INFO: [Vivado 12-24828] Executing command : report_methodology -file ask5_methodology_drc_routed.rpt -pb ask5_methodology_drc_routed.pb -rpx ask5_methodology_drc_routed.rpx
Command: report_methodology -file ask5_methodology_drc_routed.rpt -pb ask5_methodology_drc_routed.pb -rpx ask5_methodology_drc_routed.rpx
INFO: [Timing 38-35] Done setting XDC timing constraints.
INFO: [DRC 23-133] Running Methodology with 8 threads
INFO: [Vivado_Tcl 2-1520] The results of Report Methodology are in file /home/ac/uni/sem6/computational_systems/ergasia1/ergasia1/ergasia1.runs/impl_1/ask5_methodology_drc_routed.rpt.
report_methodology completed successfully
INFO: [Vivado 12-24828] Executing command : report_timing_summary -max_paths 10 -routable_nets -report_unconstrained -file ask5_timing_summary_routed.rpt -pb ask5_timing_summary_routed.pb -rpx ask5_timing_summary_routed.rpx -warn_on_violation 
INFO: [Timing 38-35] Done setting XDC timing constraints.
INFO: [Timing 38-91] UpdateTimingParams: Speed grade: -1, Delay Type: min_max.
INFO: [Timing 38-191] Multithreading enabled for timing update using a maximum of 8 CPUs
WARNING: [Timing 38-313] There are no user specified timing constraints. Timing constraints are needed for proper timing analysis.
INFO: [Vivado 12-24838] Running report commands "report_bus_skew, report_incremental_reuse, report_route_status" in parallel.
Running report generation with 3 threads.
INFO: [Vivado 12-24828] Executing command : report_route_status -file ask5_route_status.rpt -pb ask5_route_status.pb
INFO: [Vivado 12-24828] Executing command : report_incremental_reuse -file ask5_incremental_reuse_routed.rpt
INFO: [Vivado_Tcl 4-1062] Incremental flow is disabled. No incremental reuse Info to report.
INFO: [Vivado 12-24828] Executing command : report_bus_skew -warn_on_violation -file ask5_bus_skew_routed.rpt -pb ask5_bus_skew_routed.pb -rpx ask5_bus_skew_routed.rpx
INFO: [Timing 38-91] UpdateTimingParams: Speed grade: -1, Delay Type: min_max.
INFO: [Timing 38-191] Multithreading enabled for timing update using a maximum of 8 CPUs
INFO: [Vivado 12-24828] Executing command : report_power -file ask5_power_routed.rpt -pb ask5_power_summary_routed.pb -rpx ask5_power_routed.rpx
Command: report_power -file ask5_power_routed.rpt -pb ask5_power_summary_routed.pb -rpx ask5_power_routed.rpx
WARNING: [Power 33-232] No user defined clocks were found in the design! Power estimation will be inaccurate until this is corrected.
Resolution: Please specify clocks using create_clock/create_generated_clock for sequential elements. For pure combinatorial circuits, please specify a virtual clock, otherwise the vectorless estimation might be inaccurate
Running Vector-less Activity Propagation...

Finished Running Vector-less Activity Propagation
80 Infos, 3 Warnings, 0 Critical Warnings and 0 Errors encountered.
report_power completed successfully
INFO: [Vivado 12-24828] Executing command : report_clock_utilization -file ask5_clock_utilization_routed.rpt
INFO: [Timing 38-480] Writing timing data to binary archive.
Wrote PlaceDB: Time (s): cpu = 00:00:00 ; elapsed = 00:00:00 . Memory (MB): peak = 2877.043 ; gain = 0.000 ; free physical = 1083 ; free virtual = 12661
Write ShapeDB Complete: Time (s): cpu = 00:00:00 ; elapsed = 00:00:00 . Memory (MB): peak = 2877.043 ; gain = 0.000 ; free physical = 1083 ; free virtual = 12661
Wrote PulsedLatchDB: Time (s): cpu = 00:00:00 ; elapsed = 00:00:00 . Memory (MB): peak = 2877.043 ; gain = 0.000 ; free physical = 1083 ; free virtual = 12661
Writing XDEF routing.
Writing XDEF routing logical nets.
Writing XDEF routing special nets.
Wrote RouteStorage: Time (s): cpu = 00:00:00.02 ; elapsed = 00:00:00.01 . Memory (MB): peak = 2877.043 ; gain = 0.000 ; free physical = 1083 ; free virtual = 12661
Wrote PlaceStorage: Time (s): cpu = 00:00:00 ; elapsed = 00:00:00 . Memory (MB): peak = 2877.043 ; gain = 0.000 ; free physical = 1083 ; free virtual = 12661
Wrote Netlist Cache: Time (s): cpu = 00:00:00 ; elapsed = 00:00:00 . Memory (MB): peak = 2877.043 ; gain = 0.000 ; free physical = 1083 ; free virtual = 12661
Wrote Device Cache: Time (s): cpu = 00:00:00.01 ; elapsed = 00:00:00.01 . Memory (MB): peak = 2877.043 ; gain = 0.000 ; free physical = 1083 ; free virtual = 12661
Write Physdb Complete: Time (s): cpu = 00:00:00.03 ; elapsed = 00:00:00.02 . Memory (MB): peak = 2877.043 ; gain = 0.000 ; free physical = 1083 ; free virtual = 12661
INFO: [Common 17-1381] The checkpoint '/home/ac/uni/sem6/computational_systems/ergasia1/ergasia1/ergasia1.runs/impl_1/ask5_routed.dcp' has been generated.
INFO: [Common 17-206] Exiting Vivado at Mon Apr 27 17:21:08 2026...

*** Running vivado
    with args -log ask5.vdi -applog -m64 -product Vivado -messageDb vivado.pb -mode batch -source ask5.tcl -notrace


****** Vivado v2025.2 (64-bit)
  **** SW Build 6299465 on Fri Nov 14 12:34:56 MST 2025
  **** IP Build 6300035 on Fri Nov 14 10:48:45 MST 2025
  **** SharedData Build 6298862 on Thu Nov 13 04:50:51 MST 2025
  **** Start of session at: Mon Apr 27 17:21:23 2026
    ** Copyright 1986-2022 Xilinx, Inc. All Rights Reserved.
    ** Copyright 2022-2025 Advanced Micro Devices, Inc. All Rights Reserved.

source ask5.tcl -notrace
Command: open_checkpoint ask5_routed.dcp
INFO: [Device 21-403] Loading part xc7a35tcpg236-1
Netlist sorting complete. Time (s): cpu = 00:00:00 ; elapsed = 00:00:00 . Memory (MB): peak = 1731.164 ; gain = 0.000 ; free physical = 2380 ; free virtual = 13611
INFO: [Project 1-479] Netlist was created with Vivado 2025.2
INFO: [Project 1-570] Preparing netlist for logic optimization
Read ShapeDB Complete: Time (s): cpu = 00:00:00 ; elapsed = 00:00:00 . Memory (MB): peak = 1799.008 ; gain = 0.000 ; free physical = 2478 ; free virtual = 13505
INFO: [Timing 38-478] Restoring timing data from binary archive.
INFO: [Timing 38-479] Binary timing data restore complete.
INFO: [Project 1-856] Restoring constraints from binary archive.
INFO: [Project 1-853] Binary constraint restore complete.
INFO: [Designutils 20-5722] Start Reading Physical Databases.
Reading placement.
Read Netlist Cache: Time (s): cpu = 00:00:00 ; elapsed = 00:00:00 . Memory (MB): peak = 2345.273 ; gain = 0.000 ; free physical = 2289 ; free virtual = 12944
Reading placer database...
Read Device Cache: Time (s): cpu = 00:00:00.01 ; elapsed = 00:00:00 . Memory (MB): peak = 2345.273 ; gain = 0.000 ; free physical = 2289 ; free virtual = 12944
Read PlaceDB: Time (s): cpu = 00:00:00 ; elapsed = 00:00:00 . Memory (MB): peak = 2345.273 ; gain = 0.000 ; free physical = 2289 ; free virtual = 12944
Read placeStorage: Time (s): cpu = 00:00:00 ; elapsed = 00:00:00 . Memory (MB): peak = 2345.273 ; gain = 0.000 ; free physical = 2289 ; free virtual = 12944
Read PulsedLatchDB: Time (s): cpu = 00:00:00 ; elapsed = 00:00:00 . Memory (MB): peak = 2345.273 ; gain = 0.000 ; free physical = 2289 ; free virtual = 12944
Reading routing.
Read RouteStorage: Time (s): cpu = 00:00:00.01 ; elapsed = 00:00:00 . Memory (MB): peak = 2345.273 ; gain = 0.000 ; free physical = 2289 ; free virtual = 12944
Read Physdb Files: Time (s): cpu = 00:00:00.02 ; elapsed = 00:00:00.01 . Memory (MB): peak = 2345.273 ; gain = 0.000 ; free physical = 2289 ; free virtual = 12944
Restored from archive | CPU: 0.060000 secs | Memory: 1.180496 MB |
Finished XDEF File Restore: Time (s): cpu = 00:00:00.05 ; elapsed = 00:00:00.04 . Memory (MB): peak = 2345.273 ; gain = 18.812 ; free physical = 2289 ; free virtual = 12944
Netlist sorting complete. Time (s): cpu = 00:00:00 ; elapsed = 00:00:00 . Memory (MB): peak = 2345.273 ; gain = 0.000 ; free physical = 2289 ; free virtual = 12944
INFO: [Project 1-111] Unisim Transformation Summary:
No Unisim elements were transformed.

INFO: [Project 1-604] Checkpoint was created with Vivado v2025.2 (64-bit) build 6299465
open_checkpoint: Time (s): cpu = 00:00:17 ; elapsed = 00:00:08 . Memory (MB): peak = 2345.309 ; gain = 862.258 ; free physical = 2310 ; free virtual = 12943
Command: write_bitstream -force ask5.bit
Attempting to get a license for feature 'Implementation' and/or device 'xc7a35t'
INFO: [Common 17-349] Got license for feature 'Implementation' and/or device 'xc7a35t'
Running DRC as a precondition to command write_bitstream
INFO: [IP_Flow 19-234] Refreshing IP repositories
INFO: [IP_Flow 19-1704] No user IP repositories specified
INFO: [IP_Flow 19-2313] Loaded Vivado IP repository '/home/ac/2025.2/data/ip'.
INFO: [DRC 23-27] Running DRC with 8 threads
INFO: [Vivado 12-3199] DRC finished with 0 Errors
INFO: [Vivado 12-3200] Please refer to the DRC report (report_drc) for more information.
Integrating Hard IP ELF/MEM with the PDI.
INFO: [Designutils 20-2272] Running write_bitstream with 8 threads.
Loading data files...
Loading site data...
Loading route data...
Processing options...
Creating bitmap...
Creating bitstream...
Writing bitstream ./ask5.bit...
INFO: [Vivado 12-1842] Bitgen Completed Successfully.
INFO: [Common 17-83] Releasing license: Implementation
20 Infos, 0 Warnings, 0 Critical Warnings and 0 Errors encountered.
write_bitstream completed successfully
write_bitstream: Time (s): cpu = 00:00:09 ; elapsed = 00:00:28 . Memory (MB): peak = 2766.039 ; gain = 420.730 ; free physical = 2541 ; free virtual = 12365
INFO: [Common 17-206] Exiting Vivado at Mon Apr 27 17:22:02 2026...
